// Jest Snapshot v1, https://goo.gl/fbAQLP

exports[`<Header /> should render a div 1`] = `
<div>
  <div
    class="Banner-sc-1311ini-0 hcbzZV"
  >
    <span>
      Welcome!
    </span>
  </div>
  <div
    class="Intro-sc-1yxzv51-0 eeHGuP"
  >
    <span>
      This is a simple React and Express web application that utilizes redux. The purpose of this application is to use react-boilerplate to implement a simple application where users can add strings to an array that is stored in the backend.
    </span>
  </div>
  <div
    class="NavBar-sc-3b48xb-0 ioQxlc"
  >
    <a
      class="HeaderLink-sc-1mtyaiv-0 djuceY"
      href="/"
    >
      <span>
        Home
      </span>
    </a>
    <a
      class="HeaderLink-sc-1mtyaiv-0 djuceY"
      href="/inputs"
    >
      <span>
        Add String
      </span>
    </a>
  </div>
</div>
`;
